2025-08-18 18:26:23,265 User registered: tomas (tomas@tomas.lt)
2025-08-18 18:26:26,334 Letter guessed: h
2025-08-18 18:26:26,630 Incorrect letter: f. Attempts left: 9
2025-08-18 18:26:26,912 Incorrect letter: d. Attempts left: 8
2025-08-18 18:26:27,259 Incorrect letter: s. Attempts left: 7
2025-08-18 18:26:27,725 Incorrect letter: d. Attempts left: 6
2025-08-18 18:26:28,078 Incorrect letter: g. Attempts left: 5
2025-08-18 18:26:28,442 Incorrect letter: h. Attempts left: 4
2025-08-18 18:26:28,774 Letter guessed: r
2025-08-18 18:26:29,084 Incorrect letter: r. Attempts left: 3
2025-08-18 18:26:29,447 Incorrect letter: d. Attempts left: 2
2025-08-18 18:26:29,797 Incorrect letter: s. Attempts left: 1
2025-08-18 18:26:37,092 Incorrect letter: 1. Attempts left: 0
2025-08-18 18:26:37,144 Game saved for user tomas@tomas.lt: word=cherry, won=False, guesses=12
2025-08-18 18:27:01,620 User registered: petras (ppetr@petras.lt)
2025-08-18 18:27:02,111 Incorrect letter: g. Attempts left: 9
2025-08-18 18:27:02,379 Incorrect letter: g. Attempts left: 8
2025-08-18 18:27:02,602 Incorrect letter: g. Attempts left: 7
2025-08-18 18:27:02,884 Incorrect letter: g. Attempts left: 6
2025-08-18 18:27:03,110 Incorrect letter: g. Attempts left: 5
2025-08-18 18:27:04,069 Invalid guess: gf. Attempts left: 4
2025-08-18 18:27:04,429 Incorrect letter: d. Attempts left: 3
2025-08-18 18:27:04,872 Incorrect letter: s. Attempts left: 2
2025-08-18 18:27:05,251 Incorrect letter: d. Attempts left: 1
2025-08-18 18:27:05,829 Incorrect letter: f. Attempts left: 0
2025-08-18 18:27:05,881 Game saved for user ppetr@petras.lt: word=python, won=False, guesses=10
2025-08-18 18:27:18,668 User registered: tomas (tomas@tomas.lt)
2025-08-18 18:27:21,104 Incorrect letter: g. Attempts left: 9
2025-08-18 18:27:21,781 Incorrect letter: f. Attempts left: 8
2025-08-18 18:27:22,204 Incorrect letter: d. Attempts left: 7
2025-08-18 18:27:23,010 Incorrect letter: d. Attempts left: 6
2025-08-18 18:27:23,628 Incorrect letter: 3. Attempts left: 5
2025-08-18 18:27:24,377 Incorrect letter: 5. Attempts left: 4
2025-08-18 18:27:24,826 Incorrect letter: d. Attempts left: 3
2025-08-18 18:27:25,213 Incorrect letter: g. Attempts left: 2
2025-08-18 18:27:25,898 Letter guessed: h
2025-08-18 18:27:26,580 Incorrect letter: f. Attempts left: 1
2025-08-18 18:27:27,292 Incorrect letter: d. Attempts left: 0
2025-08-18 18:27:27,347 Game saved for user tomas@tomas.lt: word=cherry, won=False, guesses=11
